regenerated 124 plots
/home/downeyflyfan/Research_Projects/AI/Optimizers/New_Optimizer/results/nlp/hybrid_stiefel_muon_b12_a4_mu0006_st003_formal_metric_steps.png
/home/downeyflyfan/Research_Projects/AI/Optimizers/New_Optimizer/results/nlp/hybrid_stiefel_muon_b12_a4_mu0006_st003_formal_metric_time.png
/home/downeyflyfan/Research_Projects/AI/Optimizers/New_Optimizer/results/nlp/hybrid_stiefel_muon_equal_time_b12_a2_t5_nesterov_sq004_r0025_triton_metric_steps.png
/home/downeyflyfan/Research_Projects/AI/Optimizers/New_Optimizer/results/nlp/hybrid_stiefel_muon_equal_time_b12_a2_t5_nesterov_sq004_r0025_triton_metric_time.png
/home/downeyflyfan/Research_Projects/AI/Optimizers/New_Optimizer/results/nlp/hybrid_stiefel_muon_equal_time_geo1024_sq004_r0025_triton_metric_steps.png
/home/downeyflyfan/Research_Projects/AI/Optimizers/New_Optimizer/results/nlp/hybrid_stiefel_muon_equal_time_geo1024_sq004_r0025_triton_metric_time.png
/home/downeyflyfan/Research_Projects/AI/Optimizers/New_Optimizer/results/nlp/hybrid_stiefel_muon_equal_time_geo128_sq003_r0015_metric_steps.png
/home/downeyflyfan/Research_Projects/AI/Optimizers/New_Optimizer/results/nlp/hybrid_stiefel_muon_equal_time_geo128_sq003_r0015_metric_time.png
/home/downeyflyfan/Research_Projects/AI/Optimizers/New_Optimizer/results/nlp/hybrid_stiefel_muon_equal_time_geo128_sq006_r003_metric_steps.png
/home/downeyflyfan/Research_Projects/AI/Optimizers/New_Optimizer/results/nlp/hybrid_stiefel_muon_equal_time_geo128_sq006_r003_metric_time.png
/home/downeyflyfan/Research_Projects/AI/Optimizers/New_Optimizer/results/nlp/hybrid_stiefel_muon_equal_time_geo12_sq00015_r0003_metric_steps.png
/home/downeyflyfan/Research_Projects/AI/Optimizers/New_Optimizer/results/nlp/hybrid_stiefel_muon_equal_time_geo12_sq00015_r0003_metric_time.png
/home/downeyflyfan/Research_Projects/AI/Optimizers/New_Optimizer/results/nlp/hybrid_stiefel_muon_equal_time_geo12_sq0003_r00015_metric_steps.png
/home/downeyflyfan/Research_Projects/AI/Optimizers/New_Optimizer/results/nlp/hybrid_stiefel_muon_equal_time_geo12_sq0003_r00015_metric_time.png
/home/downeyflyfan/Research_Projects/AI/Optimizers/New_Optimizer/results/nlp/hybrid_stiefel_muon_equal_time_geo12_sq0003_r0006_metric_steps.png
/home/downeyflyfan/Research_Projects/AI/Optimizers/New_Optimizer/results/nlp/hybrid_stiefel_muon_equal_time_geo12_sq0003_r0006_metric_time.png
/home/downeyflyfan/Research_Projects/AI/Optimizers/New_Optimizer/results/nlp/hybrid_stiefel_muon_equal_time_geo12_sq0006_r0003_metric_steps.png
/home/downeyflyfan/Research_Projects/AI/Optimizers/New_Optimizer/results/nlp/hybrid_stiefel_muon_equal_time_geo12_sq0006_r0003_metric_time.png
/home/downeyflyfan/Research_Projects/AI/Optimizers/New_Optimizer/results/nlp/hybrid_stiefel_muon_equal_time_geo4e_t8_blogretract_nesterov_sq004_r0025_triton_metric_steps.png
/home/downeyflyfan/Research_Projects/AI/Optimizers/New_Optimizer/results/nlp/hybrid_stiefel_muon_equal_time_geo4e_t8_blogretract_nesterov_sq004_r0025_triton_metric_time.png
/home/downeyflyfan/Research_Projects/AI/Optimizers/New_Optimizer/results/nlp/hybrid_stiefel_muon_equal_time_geo4e_t8_exactblog_sq004_r0025_triton_metric_steps.png
/home/downeyflyfan/Research_Projects/AI/Optimizers/New_Optimizer/results/nlp/hybrid_stiefel_muon_equal_time_geo4e_t8_exactblog_sq004_r0025_triton_metric_time.png
/home/downeyflyfan/Research_Projects/AI/Optimizers/New_Optimizer/results/nlp/hybrid_stiefel_muon_equal_time_geo512_sq0003_r00025_triton_metric_steps.png
/home/downeyflyfan/Research_Projects/AI/Optimizers/New_Optimizer/results/nlp/hybrid_stiefel_muon_equal_time_geo512_sq0003_r00025_triton_metric_time.png
/home/downeyflyfan/Research_Projects/AI/Optimizers/New_Optimizer/results/nlp/hybrid_stiefel_muon_equal_time_geo512_sq0004_r00025_triton_metric_steps.png
/home/downeyflyfan/Research_Projects/AI/Optimizers/New_Optimizer/results/nlp/hybrid_stiefel_muon_equal_time_geo512_sq0004_r00025_triton_metric_time.png
/home/downeyflyfan/Research_Projects/AI/Optimizers/New_Optimizer/results/nlp/hybrid_stiefel_muon_equal_time_geo512_sq0004_r0003_triton_metric_steps.png
/home/downeyflyfan/Research_Projects/AI/Optimizers/New_Optimizer/results/nlp/hybrid_stiefel_muon_equal_time_geo512_sq0004_r0003_triton_metric_time.png
/home/downeyflyfan/Research_Projects/AI/Optimizers/New_Optimizer/results/nlp/hybrid_stiefel_muon_equal_time_geo512_sq006_r003_triton_metric_steps.png
/home/downeyflyfan/Research_Projects/AI/Optimizers/New_Optimizer/results/nlp/hybrid_stiefel_muon_equal_time_geo512_sq006_r003_triton_metric_time.png
/home/downeyflyfan/Research_Projects/AI/Optimizers/New_Optimizer/results/nlp/hybrid_stiefel_muon_equal_time_mu10418_b12_a4_mu0006_sq004_r0025_triton_metric_steps.png
/home/downeyflyfan/Research_Projects/AI/Optimizers/New_Optimizer/results/nlp/hybrid_stiefel_muon_equal_time_mu10418_b12_a4_mu0006_sq004_r0025_triton_metric_time.png
/home/downeyflyfan/Research_Projects/AI/Optimizers/New_Optimizer/results/nlp/hybrid_stiefel_muon_equal_time_profile_b14_a4_ns3_metric_steps.png
/home/downeyflyfan/Research_Projects/AI/Optimizers/New_Optimizer/results/nlp/hybrid_stiefel_muon_equal_time_profile_b14_a4_ns3_metric_time.png
/home/downeyflyfan/Research_Projects/AI/Optimizers/New_Optimizer/results/nlp/hybrid_stiefel_muon_equal_time_tune128_b12_a4_mu0006_st003_m08_metric_steps.png
/home/downeyflyfan/Research_Projects/AI/Optimizers/New_Optimizer/results/nlp/hybrid_stiefel_muon_equal_time_tune128_b12_a4_mu0006_st003_m08_metric_time.png
/home/downeyflyfan/Research_Projects/AI/Optimizers/New_Optimizer/results/nlp/hybrid_stiefel_muon_equal_time_tune512_b12_a4_mu0006_st0006_triton_metric_steps.png
/home/downeyflyfan/Research_Projects/AI/Optimizers/New_Optimizer/results/nlp/hybrid_stiefel_muon_equal_time_tune512_b12_a4_mu0006_st0006_triton_metric_time.png
/home/downeyflyfan/Research_Projects/AI/Optimizers/New_Optimizer/results/nlp/hybrid_stiefel_muon_equal_time_tune512_b12_a4_mu0006_st001_triton_metric_steps.png
/home/downeyflyfan/Research_Projects/AI/Optimizers/New_Optimizer/results/nlp/hybrid_stiefel_muon_equal_time_tune512_b12_a4_mu0006_st001_triton_metric_time.png
/home/downeyflyfan/Research_Projects/AI/Optimizers/New_Optimizer/results/nlp/hybrid_stiefel_muon_equal_time_tune512_b12_a4_mu0006_st002_triton_metric_steps.png
/home/downeyflyfan/Research_Projects/AI/Optimizers/New_Optimizer/results/nlp/hybrid_stiefel_muon_equal_time_tune512_b12_a4_mu0006_st002_triton_metric_time.png
/home/downeyflyfan/Research_Projects/AI/Optimizers/New_Optimizer/results/nlp/hybrid_stiefel_muon_equal_time_tune_b12_a4_mu0006_st003_m08_metric_steps.png
/home/downeyflyfan/Research_Projects/AI/Optimizers/New_Optimizer/results/nlp/hybrid_stiefel_muon_equal_time_tune_b12_a4_mu0006_st003_m08_metric_time.png
/home/downeyflyfan/Research_Projects/AI/Optimizers/New_Optimizer/results/nlp/hybrid_stiefel_muon_equal_time_tune_b12_a4_mu0006_st003_m095_metric_steps.png
/home/downeyflyfan/Research_Projects/AI/Optimizers/New_Optimizer/results/nlp/hybrid_stiefel_muon_equal_time_tune_b12_a4_mu0006_st003_m095_metric_time.png
/home/downeyflyfan/Research_Projects/AI/Optimizers/New_Optimizer/results/nlp/hybrid_stiefel_muon_equal_time_tune_b12_a4_mu0006_st003_m098_metric_steps.png
/home/downeyflyfan/Research_Projects/AI/Optimizers/New_Optimizer/results/nlp/hybrid_stiefel_muon_equal_time_tune_b12_a4_mu0006_st003_m098_metric_time.png
/home/downeyflyfan/Research_Projects/AI/Optimizers/New_Optimizer/results/nlp/hybrid_stiefel_muon_equal_time_tune_b12_a4_mu0006_st003_m09_metric_steps.png
/home/downeyflyfan/Research_Projects/AI/Optimizers/New_Optimizer/results/nlp/hybrid_stiefel_muon_equal_time_tune_b12_a4_mu0006_st003_m09_metric_time.png
/home/downeyflyfan/Research_Projects/AI/Optimizers/New_Optimizer/results/nlp/hybrid_stiefel_muon_equal_time_tune_b12_a4_mu0006_st003_ns1_metric_steps.png
/home/downeyflyfan/Research_Projects/AI/Optimizers/New_Optimizer/results/nlp/hybrid_stiefel_muon_equal_time_tune_b12_a4_mu0006_st003_ns1_metric_time.png
/home/downeyflyfan/Research_Projects/AI/Optimizers/New_Optimizer/results/nlp/hybrid_stiefel_muon_equal_time_tune_b12_a4_mu0006_st003_ns2_metric_steps.png
/home/downeyflyfan/Research_Projects/AI/Optimizers/New_Optimizer/results/nlp/hybrid_stiefel_muon_equal_time_tune_b12_a4_mu0006_st003_ns2_metric_time.png
/home/downeyflyfan/Research_Projects/AI/Optimizers/New_Optimizer/results/nlp/hybrid_stiefel_muon_equal_time_tune_b12_a4_mu0006_st003_ns3_metric_steps.png
/home/downeyflyfan/Research_Projects/AI/Optimizers/New_Optimizer/results/nlp/hybrid_stiefel_muon_equal_time_tune_b12_a4_mu0006_st003_ns3_metric_time.png
/home/downeyflyfan/Research_Projects/AI/Optimizers/New_Optimizer/results/nlp/hybrid_stiefel_muon_equal_time_tune_b12_a4_mu0006_st003_ns5_metric_steps.png
/home/downeyflyfan/Research_Projects/AI/Optimizers/New_Optimizer/results/nlp/hybrid_stiefel_muon_equal_time_tune_b12_a4_mu0006_st003_ns5_metric_time.png
/home/downeyflyfan/Research_Projects/AI/Optimizers/New_Optimizer/results/nlp/kron_rpcg_contract_qual_b12_eff3904_c64_r4_pcg12_d01_s4_metric_steps.png
/home/downeyflyfan/Research_Projects/AI/Optimizers/New_Optimizer/results/nlp/kron_rpcg_contract_qual_b12_eff3904_c64_r4_pcg12_d01_s4_metric_time.png
/home/downeyflyfan/Research_Projects/AI/Optimizers/New_Optimizer/results/nlp/kron_rpcg_contract_qual_b12_eff3904_c64_r4_pcg8_d03_metric_steps.png
/home/downeyflyfan/Research_Projects/AI/Optimizers/New_Optimizer/results/nlp/kron_rpcg_contract_qual_b12_eff3904_c64_r4_pcg8_d03_metric_time.png
/home/downeyflyfan/Research_Projects/AI/Optimizers/New_Optimizer/results/nlp/kron_rpcg_m2_qual_b12_eff60_c8_r4_pcg12_d01_s4_metric_steps.png
/home/downeyflyfan/Research_Projects/AI/Optimizers/New_Optimizer/results/nlp/kron_rpcg_m2_qual_b12_eff60_c8_r4_pcg12_d01_s4_metric_time.png
/home/downeyflyfan/Research_Projects/AI/Optimizers/New_Optimizer/results/nlp/kron_rpcg_progressive_contract_qual_metric_steps.png
/home/downeyflyfan/Research_Projects/AI/Optimizers/New_Optimizer/results/nlp/kron_rpcg_progressive_contract_qual_metric_time.png
/home/downeyflyfan/Research_Projects/AI/Optimizers/New_Optimizer/results/nlp/kron_rpcg_progressive_r4_c64_pcg12_d01_s4_formal_metric_steps.png
/home/downeyflyfan/Research_Projects/AI/Optimizers/New_Optimizer/results/nlp/kron_rpcg_progressive_r4_c64_pcg12_d01_s4_formal_metric_time.png
/home/downeyflyfan/Research_Projects/AI/Optimizers/New_Optimizer/results/nlp/kron_rpcg_progressive_r4_c64_pcg24_d01_s4_formal_metric_steps.png
/home/downeyflyfan/Research_Projects/AI/Optimizers/New_Optimizer/results/nlp/kron_rpcg_progressive_r4_c64_pcg24_d01_s4_formal_metric_time.png
/home/downeyflyfan/Research_Projects/AI/Optimizers/New_Optimizer/results/nlp/kron_rpcg_progressive_r6_c64_pcg12_d01_s4_b1_probe_metric_steps.png
/home/downeyflyfan/Research_Projects/AI/Optimizers/New_Optimizer/results/nlp/kron_rpcg_progressive_r6_c64_pcg12_d01_s4_b1_probe_metric_time.png
/home/downeyflyfan/Research_Projects/AI/Optimizers/New_Optimizer/results/nlp/kron_rpcg_progressive_r8_c64_pcg12_d01_s4_b1_probe_metric_steps.png
/home/downeyflyfan/Research_Projects/AI/Optimizers/New_Optimizer/results/nlp/kron_rpcg_progressive_r8_c64_pcg12_d01_s4_b1_probe_metric_time.png
/home/downeyflyfan/Research_Projects/AI/Optimizers/New_Optimizer/results/nlp/kron_rpcg_qual_b12_eff60_c8_r4_pcg12_d01_s4_metric_steps.png
/home/downeyflyfan/Research_Projects/AI/Optimizers/New_Optimizer/results/nlp/kron_rpcg_qual_b12_eff60_c8_r4_pcg12_d01_s4_metric_time.png
/home/downeyflyfan/Research_Projects/AI/Optimizers/New_Optimizer/results/nlp/kron_rpcg_qual_b12_eff60_c8_r4_pcg8_d003_metric_steps.png
/home/downeyflyfan/Research_Projects/AI/Optimizers/New_Optimizer/results/nlp/kron_rpcg_qual_b12_eff60_c8_r4_pcg8_d003_metric_time.png
/home/downeyflyfan/Research_Projects/AI/Optimizers/New_Optimizer/results/nlp/kron_rpcg_qual_b12_eff60_c8_r4_pcg8_d03_metric_steps.png
/home/downeyflyfan/Research_Projects/AI/Optimizers/New_Optimizer/results/nlp/kron_rpcg_qual_b12_eff60_c8_r4_pcg8_d03_metric_time.png
/home/downeyflyfan/Research_Projects/AI/Optimizers/New_Optimizer/results/nlp/kron_rpcg_qual_b12_eff60_c8_r4_pcg8_d03_s4_metric_steps.png
/home/downeyflyfan/Research_Projects/AI/Optimizers/New_Optimizer/results/nlp/kron_rpcg_qual_b12_eff60_c8_r4_pcg8_d03_s4_metric_time.png
/home/downeyflyfan/Research_Projects/AI/Optimizers/New_Optimizer/results/nlp/kron_rpcg_qual_b12_eff60_c8_r8_pcg16_d003_s4_metric_steps.png
/home/downeyflyfan/Research_Projects/AI/Optimizers/New_Optimizer/results/nlp/kron_rpcg_qual_b12_eff60_c8_r8_pcg16_d003_s4_metric_time.png
/home/downeyflyfan/Research_Projects/AI/Optimizers/New_Optimizer/results/nlp/kron_rpcg_qual_b8_eff64_c8_r2_pcg2_d003_metric_steps.png
/home/downeyflyfan/Research_Projects/AI/Optimizers/New_Optimizer/results/nlp/kron_rpcg_qual_b8_eff64_c8_r2_pcg2_d003_metric_time.png
/home/downeyflyfan/Research_Projects/AI/Optimizers/New_Optimizer/results/nlp/kron_rpcg_qual_b8_eff64_c8_r2_pcg6_d03_metric_steps.png
/home/downeyflyfan/Research_Projects/AI/Optimizers/New_Optimizer/results/nlp/kron_rpcg_qual_b8_eff64_c8_r2_pcg6_d03_metric_time.png
/home/downeyflyfan/Research_Projects/AI/Optimizers/New_Optimizer/results/nlp/kron_rpcg_qual_b8_eff64_c8_r2_pcg6_d1_metric_steps.png
/home/downeyflyfan/Research_Projects/AI/Optimizers/New_Optimizer/results/nlp/kron_rpcg_qual_b8_eff64_c8_r2_pcg6_d1_metric_time.png
/home/downeyflyfan/Research_Projects/AI/Optimizers/New_Optimizer/results/nlp/kron_rpcg_qual_b8_eff64_c8_r4_pcg6_d03_metric_steps.png
/home/downeyflyfan/Research_Projects/AI/Optimizers/New_Optimizer/results/nlp/kron_rpcg_qual_b8_eff64_c8_r4_pcg6_d03_metric_time.png
/home/downeyflyfan/Research_Projects/AI/Optimizers/New_Optimizer/results/nlp/kron_rpcg_qual_b8_eff64_c8_r4_pcg8_d03_metric_steps.png
/home/downeyflyfan/Research_Projects/AI/Optimizers/New_Optimizer/results/nlp/kron_rpcg_qual_b8_eff64_c8_r4_pcg8_d03_metric_time.png
/home/downeyflyfan/Research_Projects/AI/Optimizers/New_Optimizer/results/nlp/kron_rpcg_r4_c64_pcg12_d01_s4_formal_metric_steps.png
/home/downeyflyfan/Research_Projects/AI/Optimizers/New_Optimizer/results/nlp/kron_rpcg_r4_c64_pcg12_d01_s4_formal_metric_time.png
/home/downeyflyfan/Research_Projects/AI/Optimizers/New_Optimizer/results/nlp/lowrank_secant_equalbatch3904_b2_qual_metric_steps.png
/home/downeyflyfan/Research_Projects/AI/Optimizers/New_Optimizer/results/nlp/lowrank_secant_equalbatch3904_b2_qual_metric_time.png
/home/downeyflyfan/Research_Projects/AI/Optimizers/New_Optimizer/results/nlp/lowrank_secant_equalbatch3904_b2_s01_floor025_formal_metric_steps.png
/home/downeyflyfan/Research_Projects/AI/Optimizers/New_Optimizer/results/nlp/lowrank_secant_equalbatch3904_b2_s01_floor025_formal_metric_time.png
/home/downeyflyfan/Research_Projects/AI/Optimizers/New_Optimizer/results/nlp/lowrank_secant_equalbatch3904_b2_s01_floor025_qual_metric_steps.png
/home/downeyflyfan/Research_Projects/AI/Optimizers/New_Optimizer/results/nlp/lowrank_secant_equalbatch3904_b2_s01_floor025_qual_metric_time.png
/home/downeyflyfan/Research_Projects/AI/Optimizers/New_Optimizer/results/nlp/lowrank_secant_equalbatch3904_b2_s01_formal_metric_steps.png
/home/downeyflyfan/Research_Projects/AI/Optimizers/New_Optimizer/results/nlp/lowrank_secant_equalbatch3904_b2_s01_formal_metric_time.png
/home/downeyflyfan/Research_Projects/AI/Optimizers/New_Optimizer/results/nlp/lowrank_secant_equalbatch3904_b2_s01_qual_metric_steps.png
/home/downeyflyfan/Research_Projects/AI/Optimizers/New_Optimizer/results/nlp/lowrank_secant_equalbatch3904_b2_s01_qual_metric_time.png
/home/downeyflyfan/Research_Projects/AI/Optimizers/New_Optimizer/results/nlp/spectral_sphere_muon_ns5_continue15k_b12_a4_lr0003_metric_steps.png
/home/downeyflyfan/Research_Projects/AI/Optimizers/New_Optimizer/results/nlp/spectral_sphere_muon_ns5_continue15k_b12_a4_lr0003_metric_time.png
/home/downeyflyfan/Research_Projects/AI/Optimizers/New_Optimizer/results/nlp/spectral_sphere_muon_ns5_equal_time_b12_a4_lr0003_metric_steps.png
/home/downeyflyfan/Research_Projects/AI/Optimizers/New_Optimizer/results/nlp/spectral_sphere_muon_ns5_equal_time_b12_a4_lr0003_metric_time.png
/home/downeyflyfan/Research_Projects/AI/Optimizers/New_Optimizer/results/nlp/spectral_sphere_muon_ns5_profile_b12_a4_lr003_metric_steps.png
/home/downeyflyfan/Research_Projects/AI/Optimizers/New_Optimizer/results/nlp/spectral_sphere_muon_ns5_profile_b12_a4_lr003_metric_time.png
/home/downeyflyfan/Research_Projects/AI/Optimizers/New_Optimizer/results/nlp/spectral_sphere_muon_ns5_tune12_b12_a4_lr0001_metric_steps.png
/home/downeyflyfan/Research_Projects/AI/Optimizers/New_Optimizer/results/nlp/spectral_sphere_muon_ns5_tune12_b12_a4_lr0001_metric_time.png
/home/downeyflyfan/Research_Projects/AI/Optimizers/New_Optimizer/results/nlp/spectral_sphere_muon_ns5_tune12_b12_a4_lr0003_metric_steps.png
/home/downeyflyfan/Research_Projects/AI/Optimizers/New_Optimizer/results/nlp/spectral_sphere_muon_ns5_tune12_b12_a4_lr0003_metric_time.png
/home/downeyflyfan/Research_Projects/AI/Optimizers/New_Optimizer/results/nlp/spectral_sphere_muon_ns5_tune12_b12_a4_lr0006_metric_steps.png
/home/downeyflyfan/Research_Projects/AI/Optimizers/New_Optimizer/results/nlp/spectral_sphere_muon_ns5_tune12_b12_a4_lr0006_metric_time.png
/home/downeyflyfan/Research_Projects/AI/Optimizers/New_Optimizer/results/nlp/spectral_sphere_muon_ns5_tune12_b12_a4_lr0010_metric_steps.png
/home/downeyflyfan/Research_Projects/AI/Optimizers/New_Optimizer/results/nlp/spectral_sphere_muon_ns5_tune12_b12_a4_lr0010_metric_time.png
/home/downeyflyfan/Research_Projects/AI/Optimizers/New_Optimizer/results/nlp/stiefel_muon_b12_a4_lr003_formal_metric_steps.png
/home/downeyflyfan/Research_Projects/AI/Optimizers/New_Optimizer/results/nlp/stiefel_muon_b12_a4_lr003_formal_metric_time.png
/home/downeyflyfan/Research_Projects/AI/Optimizers/New_Optimizer/results/nlp/nlp_gpt_12x512_gn_metric_steps.png
/home/downeyflyfan/Research_Projects/AI/Optimizers/New_Optimizer/results/nlp/nlp_gpt_12x512_gn_metric_time.png
