task=nlp_gpt_12x512 optimizer=paper_full_gn outer_step=1 inner_step=12/122 inner_gradient_norm=0.324613
task=nlp_gpt_12x512 optimizer=paper_full_gn outer_step=1 inner_step=24/122 inner_gradient_norm=0.223308
task=nlp_gpt_12x512 optimizer=paper_full_gn outer_step=1 inner_step=36/122 inner_gradient_norm=0.221074
task=nlp_gpt_12x512 optimizer=paper_full_gn outer_step=1 inner_step=48/122 inner_gradient_norm=0.227996
task=nlp_gpt_12x512 optimizer=paper_full_gn outer_step=1 inner_step=60/122 inner_gradient_norm=0.206321
task=nlp_gpt_12x512 optimizer=paper_full_gn outer_step=1 inner_step=72/122 inner_gradient_norm=0.19909
task=nlp_gpt_12x512 optimizer=paper_full_gn outer_step=1 inner_step=84/122 inner_gradient_norm=0.200314
task=nlp_gpt_12x512 optimizer=paper_full_gn outer_step=1 inner_step=96/122 inner_gradient_norm=0.193242
task=nlp_gpt_12x512 optimizer=paper_full_gn outer_step=1 inner_step=108/122 inner_gradient_norm=0.182661
task=nlp_gpt_12x512 optimizer=paper_full_gn outer_step=1 inner_step=120/122 inner_gradient_norm=0.18259
task=nlp_gpt_12x512 optimizer=paper_full_gn step=1 metric=0.684097 line_search_step=0.707107
{"completed_outer_steps": 1, "consumed_training_batches": 7808, "domain": "nlp", "gradient_clip": 1.0, "inner_effective_batch_size": 32, "inner_gradient_accumulation": 32, "inner_learning_rate": 0.003, "inner_steps": 122, "line_search_effective_batch_size": 3904, "line_search_range": 5, "micro_batch_size": 1, "model": "gpt_12x512", "optimizer": "paper_full_gn", "optimizer_weight_decay": 0.001, "outer_effective_batch_size": 3904, "outer_effective_tokens": 3997696, "parameters": 54682624, "peak_memory_mb": 9291.794921875, "post_warmup_seconds": 634.4687094367109, "seconds": 1741.0887342123315, "sequence_length": 1024, "status": "completed", "task": "nlp_gpt_12x512", "warmup_tokens": 54685696}
task=nlp_gpt_12x512 optimizer=paper_full_gn outer_step=2 inner_step=12/122 inner_gradient_norm=0.381363
task=nlp_gpt_12x512 optimizer=paper_full_gn outer_step=2 inner_step=24/122 inner_gradient_norm=0.315381
task=nlp_gpt_12x512 optimizer=paper_full_gn outer_step=2 inner_step=36/122 inner_gradient_norm=0.384437
task=nlp_gpt_12x512 optimizer=paper_full_gn outer_step=2 inner_step=48/122 inner_gradient_norm=0.29041
task=nlp_gpt_12x512 optimizer=paper_full_gn outer_step=2 inner_step=60/122 inner_gradient_norm=0.24929
task=nlp_gpt_12x512 optimizer=paper_full_gn outer_step=2 inner_step=72/122 inner_gradient_norm=0.326538
task=nlp_gpt_12x512 optimizer=paper_full_gn outer_step=2 inner_step=84/122 inner_gradient_norm=0.340732
task=nlp_gpt_12x512 optimizer=paper_full_gn outer_step=2 inner_step=96/122 inner_gradient_norm=0.390834
task=nlp_gpt_12x512 optimizer=paper_full_gn outer_step=2 inner_step=108/122 inner_gradient_norm=0.178288
task=nlp_gpt_12x512 optimizer=paper_full_gn outer_step=2 inner_step=120/122 inner_gradient_norm=0.185934
task=nlp_gpt_12x512 optimizer=paper_full_gn step=2 metric=0.685104 line_search_step=0.25
task=nlp_gpt_12x512 optimizer=paper_full_gn outer_step=3 inner_step=12/122 inner_gradient_norm=0.566121
task=nlp_gpt_12x512 optimizer=paper_full_gn outer_step=3 inner_step=24/122 inner_gradient_norm=0.976393
task=nlp_gpt_12x512 optimizer=paper_full_gn outer_step=3 inner_step=36/122 inner_gradient_norm=0.474514
task=nlp_gpt_12x512 optimizer=paper_full_gn outer_step=3 inner_step=48/122 inner_gradient_norm=0.69416
task=nlp_gpt_12x512 optimizer=paper_full_gn outer_step=3 inner_step=60/122 inner_gradient_norm=0.59373
task=nlp_gpt_12x512 optimizer=paper_full_gn outer_step=3 inner_step=72/122 inner_gradient_norm=0.269891
task=nlp_gpt_12x512 optimizer=paper_full_gn outer_step=3 inner_step=84/122 inner_gradient_norm=0.219465
task=nlp_gpt_12x512 optimizer=paper_full_gn outer_step=3 inner_step=96/122 inner_gradient_norm=0.213763
task=nlp_gpt_12x512 optimizer=paper_full_gn outer_step=3 inner_step=108/122 inner_gradient_norm=0.331804
task=nlp_gpt_12x512 optimizer=paper_full_gn outer_step=3 inner_step=120/122 inner_gradient_norm=0.586249
task=nlp_gpt_12x512 optimizer=paper_full_gn step=3 metric=0.687241 line_search_step=0.353553
{"completed_outer_steps": 3, "consumed_training_batches": 23424, "domain": "nlp", "gradient_clip": 1.0, "inner_effective_batch_size": 32, "inner_gradient_accumulation": 32, "inner_learning_rate": 0.003, "inner_steps": 122, "line_search_effective_batch_size": 3904, "line_search_range": 5, "micro_batch_size": 1, "model": "gpt_12x512", "optimizer": "paper_full_gn", "optimizer_weight_decay": 0.001, "outer_effective_batch_size": 3904, "outer_effective_tokens": 3997696, "parameters": 54682624, "peak_memory_mb": 9327.794921875, "post_warmup_seconds": 1890.633398834616, "seconds": 2997.2534236102365, "sequence_length": 1024, "status": "completed", "task": "nlp_gpt_12x512", "warmup_tokens": 54685696}
task=nlp_gpt_12x512 optimizer=paper_full_gn outer_step=4 inner_step=12/122 inner_gradient_norm=0.811705
task=nlp_gpt_12x512 optimizer=paper_full_gn outer_step=4 inner_step=24/122 inner_gradient_norm=1.05211
task=nlp_gpt_12x512 optimizer=paper_full_gn outer_step=4 inner_step=36/122 inner_gradient_norm=0.820159
task=nlp_gpt_12x512 optimizer=paper_full_gn outer_step=4 inner_step=48/122 inner_gradient_norm=2.36005
task=nlp_gpt_12x512 optimizer=paper_full_gn outer_step=4 inner_step=60/122 inner_gradient_norm=0.545444
task=nlp_gpt_12x512 optimizer=paper_full_gn outer_step=4 inner_step=72/122 inner_gradient_norm=1.25372
task=nlp_gpt_12x512 optimizer=paper_full_gn outer_step=4 inner_step=84/122 inner_gradient_norm=5.23078
task=nlp_gpt_12x512 optimizer=paper_full_gn outer_step=4 inner_step=96/122 inner_gradient_norm=0.415607
task=nlp_gpt_12x512 optimizer=paper_full_gn outer_step=4 inner_step=108/122 inner_gradient_norm=0.340699
task=nlp_gpt_12x512 optimizer=paper_full_gn outer_step=4 inner_step=120/122 inner_gradient_norm=0.216327
task=nlp_gpt_12x512 optimizer=paper_full_gn step=4 metric=0.689438 line_search_step=0.25
task=nlp_gpt_12x512 optimizer=paper_full_gn outer_step=5 inner_step=12/122 inner_gradient_norm=1.86697
task=nlp_gpt_12x512 optimizer=paper_full_gn outer_step=5 inner_step=24/122 inner_gradient_norm=0.648174
task=nlp_gpt_12x512 optimizer=paper_full_gn outer_step=5 inner_step=36/122 inner_gradient_norm=0.833306
task=nlp_gpt_12x512 optimizer=paper_full_gn outer_step=5 inner_step=48/122 inner_gradient_norm=1.27771
task=nlp_gpt_12x512 optimizer=paper_full_gn outer_step=5 inner_step=60/122 inner_gradient_norm=2.7113
task=nlp_gpt_12x512 optimizer=paper_full_gn outer_step=5 inner_step=72/122 inner_gradient_norm=0.620573
task=nlp_gpt_12x512 optimizer=paper_full_gn outer_step=5 inner_step=84/122 inner_gradient_norm=0.518471
task=nlp_gpt_12x512 optimizer=paper_full_gn outer_step=5 inner_step=96/122 inner_gradient_norm=0.289953
task=nlp_gpt_12x512 optimizer=paper_full_gn outer_step=5 inner_step=108/122 inner_gradient_norm=0.338878
task=nlp_gpt_12x512 optimizer=paper_full_gn outer_step=5 inner_step=120/122 inner_gradient_norm=0.222976
task=nlp_gpt_12x512 optimizer=paper_full_gn step=5 metric=0.691589 line_search_step=0.25
task=nlp_gpt_12x512 optimizer=paper_full_gn outer_step=6 inner_step=12/122 inner_gradient_norm=1.50482
task=nlp_gpt_12x512 optimizer=paper_full_gn outer_step=6 inner_step=24/122 inner_gradient_norm=0.42258
task=nlp_gpt_12x512 optimizer=paper_full_gn outer_step=6 inner_step=36/122 inner_gradient_norm=0.934307
task=nlp_gpt_12x512 optimizer=paper_full_gn outer_step=6 inner_step=48/122 inner_gradient_norm=2.58593
task=nlp_gpt_12x512 optimizer=paper_full_gn outer_step=6 inner_step=60/122 inner_gradient_norm=1.55225
task=nlp_gpt_12x512 optimizer=paper_full_gn outer_step=6 inner_step=72/122 inner_gradient_norm=0.717277
task=nlp_gpt_12x512 optimizer=paper_full_gn outer_step=6 inner_step=84/122 inner_gradient_norm=0.515379
task=nlp_gpt_12x512 optimizer=paper_full_gn outer_step=6 inner_step=96/122 inner_gradient_norm=0.436141
task=nlp_gpt_12x512 optimizer=paper_full_gn outer_step=6 inner_step=108/122 inner_gradient_norm=0.270665
task=nlp_gpt_12x512 optimizer=paper_full_gn outer_step=6 inner_step=120/122 inner_gradient_norm=0.234362
task=nlp_gpt_12x512 optimizer=paper_full_gn step=6 metric=0.694443 line_search_step=0.353553
task=nlp_gpt_12x512 optimizer=paper_full_gn outer_step=7 inner_step=12/122 inner_gradient_norm=0.814329
task=nlp_gpt_12x512 optimizer=paper_full_gn outer_step=7 inner_step=24/122 inner_gradient_norm=0.844724
task=nlp_gpt_12x512 optimizer=paper_full_gn outer_step=7 inner_step=36/122 inner_gradient_norm=0.842091
task=nlp_gpt_12x512 optimizer=paper_full_gn outer_step=7 inner_step=48/122 inner_gradient_norm=0.700956
task=nlp_gpt_12x512 optimizer=paper_full_gn outer_step=7 inner_step=60/122 inner_gradient_norm=1.39839
task=nlp_gpt_12x512 optimizer=paper_full_gn outer_step=7 inner_step=72/122 inner_gradient_norm=0.502913
task=nlp_gpt_12x512 optimizer=paper_full_gn outer_step=7 inner_step=84/122 inner_gradient_norm=0.700483
task=nlp_gpt_12x512 optimizer=paper_full_gn outer_step=7 inner_step=96/122 inner_gradient_norm=0.602904
task=nlp_gpt_12x512 optimizer=paper_full_gn outer_step=7 inner_step=108/122 inner_gradient_norm=0.343524
task=nlp_gpt_12x512 optimizer=paper_full_gn outer_step=7 inner_step=120/122 inner_gradient_norm=0.330766
task=nlp_gpt_12x512 optimizer=paper_full_gn step=7 metric=0.696060 line_search_step=0.25
task=nlp_gpt_12x512 optimizer=paper_full_gn outer_step=8 inner_step=12/122 inner_gradient_norm=0.46569
task=nlp_gpt_12x512 optimizer=paper_full_gn outer_step=8 inner_step=24/122 inner_gradient_norm=0.564289
task=nlp_gpt_12x512 optimizer=paper_full_gn outer_step=8 inner_step=36/122 inner_gradient_norm=1.12122
task=nlp_gpt_12x512 optimizer=paper_full_gn outer_step=8 inner_step=48/122 inner_gradient_norm=0.834282
task=nlp_gpt_12x512 optimizer=paper_full_gn outer_step=8 inner_step=60/122 inner_gradient_norm=0.933692
task=nlp_gpt_12x512 optimizer=paper_full_gn outer_step=8 inner_step=72/122 inner_gradient_norm=0.519999
task=nlp_gpt_12x512 optimizer=paper_full_gn outer_step=8 inner_step=84/122 inner_gradient_norm=0.616591
task=nlp_gpt_12x512 optimizer=paper_full_gn outer_step=8 inner_step=96/122 inner_gradient_norm=0.318744
task=nlp_gpt_12x512 optimizer=paper_full_gn outer_step=8 inner_step=108/122 inner_gradient_norm=0.416001
task=nlp_gpt_12x512 optimizer=paper_full_gn outer_step=8 inner_step=120/122 inner_gradient_norm=0.282852
task=nlp_gpt_12x512 optimizer=paper_full_gn step=8 metric=0.698044 line_search_step=0.353553
task=nlp_gpt_12x512 optimizer=paper_full_gn outer_step=9 inner_step=12/122 inner_gradient_norm=0.779761
task=nlp_gpt_12x512 optimizer=paper_full_gn outer_step=9 inner_step=24/122 inner_gradient_norm=0.761034
task=nlp_gpt_12x512 optimizer=paper_full_gn outer_step=9 inner_step=36/122 inner_gradient_norm=0.66589
task=nlp_gpt_12x512 optimizer=paper_full_gn outer_step=9 inner_step=48/122 inner_gradient_norm=0.968147
task=nlp_gpt_12x512 optimizer=paper_full_gn outer_step=9 inner_step=60/122 inner_gradient_norm=0.882383
task=nlp_gpt_12x512 optimizer=paper_full_gn outer_step=9 inner_step=72/122 inner_gradient_norm=0.375403
task=nlp_gpt_12x512 optimizer=paper_full_gn outer_step=9 inner_step=84/122 inner_gradient_norm=0.380035
task=nlp_gpt_12x512 optimizer=paper_full_gn outer_step=9 inner_step=96/122 inner_gradient_norm=0.278886
task=nlp_gpt_12x512 optimizer=paper_full_gn outer_step=9 inner_step=108/122 inner_gradient_norm=0.284811
task=nlp_gpt_12x512 optimizer=paper_full_gn outer_step=9 inner_step=120/122 inner_gradient_norm=0.608843
task=nlp_gpt_12x512 optimizer=paper_full_gn step=9 metric=0.700180 line_search_step=0.353553
task=nlp_gpt_12x512 optimizer=paper_full_gn outer_step=10 inner_step=12/122 inner_gradient_norm=0.688344
task=nlp_gpt_12x512 optimizer=paper_full_gn outer_step=10 inner_step=24/122 inner_gradient_norm=1.17435
task=nlp_gpt_12x512 optimizer=paper_full_gn outer_step=10 inner_step=36/122 inner_gradient_norm=0.99824
task=nlp_gpt_12x512 optimizer=paper_full_gn outer_step=10 inner_step=48/122 inner_gradient_norm=0.684965
task=nlp_gpt_12x512 optimizer=paper_full_gn outer_step=10 inner_step=60/122 inner_gradient_norm=0.875578
task=nlp_gpt_12x512 optimizer=paper_full_gn outer_step=10 inner_step=72/122 inner_gradient_norm=0.348661
task=nlp_gpt_12x512 optimizer=paper_full_gn outer_step=10 inner_step=84/122 inner_gradient_norm=0.351337
task=nlp_gpt_12x512 optimizer=paper_full_gn outer_step=10 inner_step=96/122 inner_gradient_norm=0.401128
task=nlp_gpt_12x512 optimizer=paper_full_gn outer_step=10 inner_step=108/122 inner_gradient_norm=0.337225
task=nlp_gpt_12x512 optimizer=paper_full_gn outer_step=10 inner_step=120/122 inner_gradient_norm=0.27022
task=nlp_gpt_12x512 optimizer=paper_full_gn step=10 metric=0.701248 line_search_step=0.25
task=nlp_gpt_12x512 optimizer=paper_full_gn outer_step=11 inner_step=12/122 inner_gradient_norm=0.664321
task=nlp_gpt_12x512 optimizer=paper_full_gn outer_step=11 inner_step=24/122 inner_gradient_norm=0.478933
task=nlp_gpt_12x512 optimizer=paper_full_gn outer_step=11 inner_step=36/122 inner_gradient_norm=0.49189
task=nlp_gpt_12x512 optimizer=paper_full_gn outer_step=11 inner_step=48/122 inner_gradient_norm=1.06408
task=nlp_gpt_12x512 optimizer=paper_full_gn outer_step=11 inner_step=60/122 inner_gradient_norm=0.816348
task=nlp_gpt_12x512 optimizer=paper_full_gn outer_step=11 inner_step=72/122 inner_gradient_norm=0.357845
task=nlp_gpt_12x512 optimizer=paper_full_gn outer_step=11 inner_step=84/122 inner_gradient_norm=0.438229
task=nlp_gpt_12x512 optimizer=paper_full_gn outer_step=11 inner_step=96/122 inner_gradient_norm=0.375605
task=nlp_gpt_12x512 optimizer=paper_full_gn outer_step=11 inner_step=108/122 inner_gradient_norm=0.27239
task=nlp_gpt_12x512 optimizer=paper_full_gn outer_step=11 inner_step=120/122 inner_gradient_norm=0.275811
task=nlp_gpt_12x512 optimizer=paper_full_gn step=11 metric=0.702515 line_search_step=0.25
task=nlp_gpt_12x512 optimizer=paper_full_gn outer_step=12 inner_step=12/122 inner_gradient_norm=0.468733
task=nlp_gpt_12x512 optimizer=paper_full_gn outer_step=12 inner_step=24/122 inner_gradient_norm=0.561434
task=nlp_gpt_12x512 optimizer=paper_full_gn outer_step=12 inner_step=36/122 inner_gradient_norm=0.441285
task=nlp_gpt_12x512 optimizer=paper_full_gn outer_step=12 inner_step=48/122 inner_gradient_norm=0.491949
task=nlp_gpt_12x512 optimizer=paper_full_gn outer_step=12 inner_step=60/122 inner_gradient_norm=0.4415
task=nlp_gpt_12x512 optimizer=paper_full_gn outer_step=12 inner_step=72/122 inner_gradient_norm=0.403127
task=nlp_gpt_12x512 optimizer=paper_full_gn outer_step=12 inner_step=84/122 inner_gradient_norm=0.30291
task=nlp_gpt_12x512 optimizer=paper_full_gn outer_step=12 inner_step=96/122 inner_gradient_norm=0.278555
task=nlp_gpt_12x512 optimizer=paper_full_gn outer_step=12 inner_step=108/122 inner_gradient_norm=0.261287
task=nlp_gpt_12x512 optimizer=paper_full_gn outer_step=12 inner_step=120/122 inner_gradient_norm=0.289774
task=nlp_gpt_12x512 optimizer=paper_full_gn step=12 metric=0.704025 line_search_step=0.25
task=nlp_gpt_12x512 optimizer=paper_full_gn outer_step=13 inner_step=12/122 inner_gradient_norm=0.525648
task=nlp_gpt_12x512 optimizer=paper_full_gn outer_step=13 inner_step=24/122 inner_gradient_norm=0.518274
task=nlp_gpt_12x512 optimizer=paper_full_gn outer_step=13 inner_step=36/122 inner_gradient_norm=0.667246
task=nlp_gpt_12x512 optimizer=paper_full_gn outer_step=13 inner_step=48/122 inner_gradient_norm=0.40159
task=nlp_gpt_12x512 optimizer=paper_full_gn outer_step=13 inner_step=60/122 inner_gradient_norm=0.308058
task=nlp_gpt_12x512 optimizer=paper_full_gn outer_step=13 inner_step=72/122 inner_gradient_norm=0.376737
task=nlp_gpt_12x512 optimizer=paper_full_gn outer_step=13 inner_step=84/122 inner_gradient_norm=0.346549
task=nlp_gpt_12x512 optimizer=paper_full_gn outer_step=13 inner_step=96/122 inner_gradient_norm=0.356022
task=nlp_gpt_12x512 optimizer=paper_full_gn outer_step=13 inner_step=108/122 inner_gradient_norm=0.288118
task=nlp_gpt_12x512 optimizer=paper_full_gn outer_step=13 inner_step=120/122 inner_gradient_norm=0.302141
task=nlp_gpt_12x512 optimizer=paper_full_gn step=13 metric=0.705948 line_search_step=0.25
task=nlp_gpt_12x512 optimizer=paper_full_gn outer_step=14 inner_step=12/122 inner_gradient_norm=0.618826
task=nlp_gpt_12x512 optimizer=paper_full_gn outer_step=14 inner_step=24/122 inner_gradient_norm=0.605141
task=nlp_gpt_12x512 optimizer=paper_full_gn outer_step=14 inner_step=36/122 inner_gradient_norm=0.397521
task=nlp_gpt_12x512 optimizer=paper_full_gn outer_step=14 inner_step=48/122 inner_gradient_norm=0.546892
task=nlp_gpt_12x512 optimizer=paper_full_gn outer_step=14 inner_step=60/122 inner_gradient_norm=0.442535
task=nlp_gpt_12x512 optimizer=paper_full_gn outer_step=14 inner_step=72/122 inner_gradient_norm=0.346954
task=nlp_gpt_12x512 optimizer=paper_full_gn outer_step=14 inner_step=84/122 inner_gradient_norm=0.37649
task=nlp_gpt_12x512 optimizer=paper_full_gn outer_step=14 inner_step=96/122 inner_gradient_norm=0.311724
task=nlp_gpt_12x512 optimizer=paper_full_gn outer_step=14 inner_step=108/122 inner_gradient_norm=0.290409
task=nlp_gpt_12x512 optimizer=paper_full_gn outer_step=14 inner_step=120/122 inner_gradient_norm=0.276585
task=nlp_gpt_12x512 optimizer=paper_full_gn step=14 metric=0.707336 line_search_step=0.353553
task=nlp_gpt_12x512 optimizer=paper_full_gn outer_step=15 inner_step=12/122 inner_gradient_norm=0.395199
task=nlp_gpt_12x512 optimizer=paper_full_gn outer_step=15 inner_step=24/122 inner_gradient_norm=0.400715
task=nlp_gpt_12x512 optimizer=paper_full_gn outer_step=15 inner_step=36/122 inner_gradient_norm=0.401997
task=nlp_gpt_12x512 optimizer=paper_full_gn outer_step=15 inner_step=48/122 inner_gradient_norm=0.383351
task=nlp_gpt_12x512 optimizer=paper_full_gn outer_step=15 inner_step=60/122 inner_gradient_norm=0.369104
task=nlp_gpt_12x512 optimizer=paper_full_gn outer_step=15 inner_step=72/122 inner_gradient_norm=0.326778
task=nlp_gpt_12x512 optimizer=paper_full_gn outer_step=15 inner_step=84/122 inner_gradient_norm=0.304544
task=nlp_gpt_12x512 optimizer=paper_full_gn outer_step=15 inner_step=96/122 inner_gradient_norm=0.297019
task=nlp_gpt_12x512 optimizer=paper_full_gn outer_step=15 inner_step=108/122 inner_gradient_norm=0.29825
task=nlp_gpt_12x512 optimizer=paper_full_gn outer_step=15 inner_step=120/122 inner_gradient_norm=0.288141
task=nlp_gpt_12x512 optimizer=paper_full_gn step=15 metric=0.708862 line_search_step=0.353553
task=nlp_gpt_12x512 optimizer=paper_full_gn outer_step=16 inner_step=12/122 inner_gradient_norm=0.43183
task=nlp_gpt_12x512 optimizer=paper_full_gn outer_step=16 inner_step=24/122 inner_gradient_norm=0.396773
task=nlp_gpt_12x512 optimizer=paper_full_gn outer_step=16 inner_step=36/122 inner_gradient_norm=0.400955
task=nlp_gpt_12x512 optimizer=paper_full_gn outer_step=16 inner_step=48/122 inner_gradient_norm=0.372283
task=nlp_gpt_12x512 optimizer=paper_full_gn outer_step=16 inner_step=60/122 inner_gradient_norm=0.343339
task=nlp_gpt_12x512 optimizer=paper_full_gn outer_step=16 inner_step=72/122 inner_gradient_norm=0.331541
task=nlp_gpt_12x512 optimizer=paper_full_gn outer_step=16 inner_step=84/122 inner_gradient_norm=0.341356
task=nlp_gpt_12x512 optimizer=paper_full_gn outer_step=16 inner_step=96/122 inner_gradient_norm=0.296803
task=nlp_gpt_12x512 optimizer=paper_full_gn outer_step=16 inner_step=108/122 inner_gradient_norm=0.313687
task=nlp_gpt_12x512 optimizer=paper_full_gn outer_step=16 inner_step=120/122 inner_gradient_norm=0.30619
task=nlp_gpt_12x512 optimizer=paper_full_gn step=16 metric=0.709869 line_search_step=0.353553
task=nlp_gpt_12x512 optimizer=paper_full_gn outer_step=17 inner_step=12/122 inner_gradient_norm=0.418552
task=nlp_gpt_12x512 optimizer=paper_full_gn outer_step=17 inner_step=24/122 inner_gradient_norm=0.483027
task=nlp_gpt_12x512 optimizer=paper_full_gn outer_step=17 inner_step=36/122 inner_gradient_norm=0.499703
task=nlp_gpt_12x512 optimizer=paper_full_gn outer_step=17 inner_step=48/122 inner_gradient_norm=0.407881
task=nlp_gpt_12x512 optimizer=paper_full_gn outer_step=17 inner_step=60/122 inner_gradient_norm=0.390142
task=nlp_gpt_12x512 optimizer=paper_full_gn outer_step=17 inner_step=72/122 inner_gradient_norm=0.350642
task=nlp_gpt_12x512 optimizer=paper_full_gn outer_step=17 inner_step=84/122 inner_gradient_norm=0.335238
task=nlp_gpt_12x512 optimizer=paper_full_gn outer_step=17 inner_step=96/122 inner_gradient_norm=0.325041
task=nlp_gpt_12x512 optimizer=paper_full_gn outer_step=17 inner_step=108/122 inner_gradient_norm=0.307385
task=nlp_gpt_12x512 optimizer=paper_full_gn outer_step=17 inner_step=120/122 inner_gradient_norm=0.305524
task=nlp_gpt_12x512 optimizer=paper_full_gn step=17 metric=0.710602 line_search_step=0.25
task=nlp_gpt_12x512 optimizer=paper_full_gn outer_step=18 inner_step=12/122 inner_gradient_norm=0.543585
task=nlp_gpt_12x512 optimizer=paper_full_gn outer_step=18 inner_step=24/122 inner_gradient_norm=0.482513
task=nlp_gpt_12x512 optimizer=paper_full_gn outer_step=18 inner_step=36/122 inner_gradient_norm=0.384255
task=nlp_gpt_12x512 optimizer=paper_full_gn outer_step=18 inner_step=48/122 inner_gradient_norm=0.424514
task=nlp_gpt_12x512 optimizer=paper_full_gn outer_step=18 inner_step=60/122 inner_gradient_norm=0.401539
task=nlp_gpt_12x512 optimizer=paper_full_gn outer_step=18 inner_step=72/122 inner_gradient_norm=0.360634
task=nlp_gpt_12x512 optimizer=paper_full_gn outer_step=18 inner_step=84/122 inner_gradient_norm=0.358274
task=nlp_gpt_12x512 optimizer=paper_full_gn outer_step=18 inner_step=96/122 inner_gradient_norm=0.328324
task=nlp_gpt_12x512 optimizer=paper_full_gn outer_step=18 inner_step=108/122 inner_gradient_norm=0.341818
task=nlp_gpt_12x512 optimizer=paper_full_gn outer_step=18 inner_step=120/122 inner_gradient_norm=0.318422
task=nlp_gpt_12x512 optimizer=paper_full_gn step=18 metric=0.712555 line_search_step=0.25
task=nlp_gpt_12x512 optimizer=paper_full_gn outer_step=19 inner_step=12/122 inner_gradient_norm=0.500871
task=nlp_gpt_12x512 optimizer=paper_full_gn outer_step=19 inner_step=24/122 inner_gradient_norm=0.445848
task=nlp_gpt_12x512 optimizer=paper_full_gn outer_step=19 inner_step=36/122 inner_gradient_norm=0.528051
task=nlp_gpt_12x512 optimizer=paper_full_gn outer_step=19 inner_step=48/122 inner_gradient_norm=0.473503
task=nlp_gpt_12x512 optimizer=paper_full_gn outer_step=19 inner_step=60/122 inner_gradient_norm=0.421116
task=nlp_gpt_12x512 optimizer=paper_full_gn outer_step=19 inner_step=72/122 inner_gradient_norm=0.363044
task=nlp_gpt_12x512 optimizer=paper_full_gn outer_step=19 inner_step=84/122 inner_gradient_norm=0.349857
task=nlp_gpt_12x512 optimizer=paper_full_gn outer_step=19 inner_step=96/122 inner_gradient_norm=0.35735
task=nlp_gpt_12x512 optimizer=paper_full_gn outer_step=19 inner_step=108/122 inner_gradient_norm=0.341951
task=nlp_gpt_12x512 optimizer=paper_full_gn outer_step=19 inner_step=120/122 inner_gradient_norm=0.309526
task=nlp_gpt_12x512 optimizer=paper_full_gn step=19 metric=0.713257 line_search_step=0.25
task=nlp_gpt_12x512 optimizer=paper_full_gn outer_step=20 inner_step=12/122 inner_gradient_norm=0.611734
task=nlp_gpt_12x512 optimizer=paper_full_gn outer_step=20 inner_step=24/122 inner_gradient_norm=0.577003
task=nlp_gpt_12x512 optimizer=paper_full_gn outer_step=20 inner_step=36/122 inner_gradient_norm=0.513934
task=nlp_gpt_12x512 optimizer=paper_full_gn outer_step=20 inner_step=48/122 inner_gradient_norm=0.424787
task=nlp_gpt_12x512 optimizer=paper_full_gn outer_step=20 inner_step=60/122 inner_gradient_norm=0.379598
task=nlp_gpt_12x512 optimizer=paper_full_gn outer_step=20 inner_step=72/122 inner_gradient_norm=0.422387
task=nlp_gpt_12x512 optimizer=paper_full_gn outer_step=20 inner_step=84/122 inner_gradient_norm=0.371543
task=nlp_gpt_12x512 optimizer=paper_full_gn outer_step=20 inner_step=96/122 inner_gradient_norm=0.33464
task=nlp_gpt_12x512 optimizer=paper_full_gn outer_step=20 inner_step=108/122 inner_gradient_norm=0.328241
task=nlp_gpt_12x512 optimizer=paper_full_gn outer_step=20 inner_step=120/122 inner_gradient_norm=0.339504
task=nlp_gpt_12x512 optimizer=paper_full_gn step=20 metric=0.715179 line_search_step=0.353553
task=nlp_gpt_12x512 optimizer=paper_full_gn outer_step=21 inner_step=12/122 inner_gradient_norm=0.465183
task=nlp_gpt_12x512 optimizer=paper_full_gn outer_step=21 inner_step=24/122 inner_gradient_norm=0.488294
task=nlp_gpt_12x512 optimizer=paper_full_gn outer_step=21 inner_step=36/122 inner_gradient_norm=0.583865
task=nlp_gpt_12x512 optimizer=paper_full_gn outer_step=21 inner_step=48/122 inner_gradient_norm=0.418849
task=nlp_gpt_12x512 optimizer=paper_full_gn outer_step=21 inner_step=60/122 inner_gradient_norm=0.396316
task=nlp_gpt_12x512 optimizer=paper_full_gn outer_step=21 inner_step=72/122 inner_gradient_norm=0.381171
task=nlp_gpt_12x512 optimizer=paper_full_gn outer_step=21 inner_step=84/122 inner_gradient_norm=0.400464
task=nlp_gpt_12x512 optimizer=paper_full_gn outer_step=21 inner_step=96/122 inner_gradient_norm=0.364306
task=nlp_gpt_12x512 optimizer=paper_full_gn outer_step=21 inner_step=108/122 inner_gradient_norm=0.325622
task=nlp_gpt_12x512 optimizer=paper_full_gn outer_step=21 inner_step=120/122 inner_gradient_norm=0.339072
task=nlp_gpt_12x512 optimizer=paper_full_gn step=21 metric=0.715515 line_search_step=0.353553
Traceback (most recent call last):
  File "/home/downeyflyfan/Research_Projects/AI/Optimizers/New_Optimizer/src/run_paper_full_gn.py", line 71, in <module>
    main()
  File "/home/downeyflyfan/Research_Projects/AI/Optimizers/New_Optimizer/src/run_paper_full_gn.py", line 50, in main
    result = run_paper_full_gn_trial(
             ^^^^^^^^^^^^^^^^^^^^^^^^
  File "/home/downeyflyfan/Research_Projects/AI/Optimizers/New_Optimizer/src/paper_full_gn_experiment.py", line 395, in run_paper_full_gn_trial
    final_inner_gradient_norm = paper_accumulated_inner_step(
                                ^^^^^^^^^^^^^^^^^^^^^^^^^^^^^
  File "/home/downeyflyfan/Research_Projects/AI/Optimizers/New_Optimizer/src/paper_full_gn.py", line 216, in paper_accumulated_inner_step
    gradient = batch_gradient if gradient is None else gradient.add(batch_gradient)
                                                       ^^^^^^^^^^^^^^^^^^^^^^^^^^^^
KeyboardInterrupt
