Traceback (most recent call last):
  File "/home/downeyflyfan/Research_Projects/AI/Optimizers/New_Optimizer/src/run_low_spectral_variance.py", line 44, in <module>
    main()
  File "/home/downeyflyfan/Research_Projects/AI/Optimizers/New_Optimizer/src/run_low_spectral_variance.py", line 25, in main
    result = run_low_spectral_variance_trial(
             ^^^^^^^^^^^^^^^^^^^^^^^^^^^^^^^^
  File "/home/downeyflyfan/Research_Projects/AI/Optimizers/New_Optimizer/src/low_spectral_variance_experiment.py", line 224, in run_low_spectral_variance_trial
    optimizer.step()
  File "/home/downeyflyfan/Research_Projects/AI/Optimizers/New_Optimizer/.venv/lib/python3.12/site-packages/torch/optim/lr_scheduler.py", line 166, in wrapper
    return func.__get__(opt, opt.__class__)(*args, **kwargs)
           ^^^^^^^^^^^^^^^^^^^^^^^^^^^^^^^^^^^^^^^^^^^^^^^^^
  File "/home/downeyflyfan/Research_Projects/AI/Optimizers/New_Optimizer/.venv/lib/python3.12/site-packages/torch/optim/optimizer.py", line 530, in wrapper
    out = func(*args, **kwargs)
          ^^^^^^^^^^^^^^^^^^^^^
  File "/home/downeyflyfan/Research_Projects/AI/Optimizers/New_Optimizer/.venv/lib/python3.12/site-packages/torch/utils/_contextlib.py", line 124, in decorate_context
    return func(*args, **kwargs)
           ^^^^^^^^^^^^^^^^^^^^^
  File "/home/downeyflyfan/Research_Projects/AI/Optimizers/New_Optimizer/src/low_spectral_variance.py", line 372, in step
    updated, diagnostics = low_spectral_variance_update(
                           ^^^^^^^^^^^^^^^^^^^^^^^^^^^^^
  File "/home/downeyflyfan/Research_Projects/AI/Optimizers/New_Optimizer/src/low_spectral_variance.py", line 295, in low_spectral_variance_update
    candidate, _ = _direct_feasible_curve(
                   ^^^^^^^^^^^^^^^^^^^^^^^
  File "/home/downeyflyfan/Research_Projects/AI/Optimizers/New_Optimizer/src/low_spectral_variance.py", line 205, in _direct_feasible_curve
    raise ValueError("Low-Spectral-Variance requires separated extreme singular values")
ValueError: Low-Spectral-Variance requires separated extreme singular values
