/home/downeyflyfan/Research_Projects/AI/Optimizers/New_Optimizer/.venv/lib/python3.12/site-packages/g2p_en/g2p.py:156: SyntaxWarning: invalid escape sequence '\-'
  text = re.sub("[^ a-z'.,?!\-]", "", text)
/home/downeyflyfan/Research_Projects/AI/Optimizers/New_Optimizer/.venv/lib/python3.12/site-packages/jamo/jamo.py:79: SyntaxWarning: invalid escape sequence '\w'
  hcj_name = re.sub("(?<=HANGUL )(\w+)",
/home/downeyflyfan/Research_Projects/AI/Optimizers/New_Optimizer/.venv/lib/python3.12/site-packages/jamo/jamo.py:210: SyntaxWarning: invalid escape sequence '\w'
  jamo_name = re.sub("(?<=HANGUL )(\w+)",
/home/downeyflyfan/Research_Projects/AI/Optimizers/New_Optimizer/.venv/lib/python3.12/site-packages/tacotron_cleaner/__init__.py:78: SyntaxWarning: "is not" with 'str' literal. Did you mean "!="?
  return s in _symbol_to_id and s is not '_' and s is not '~'
/home/downeyflyfan/Research_Projects/AI/Optimizers/New_Optimizer/.venv/lib/python3.12/site-packages/tacotron_cleaner/__init__.py:78: SyntaxWarning: "is not" with 'str' literal. Did you mean "!="?
  return s in _symbol_to_id and s is not '_' and s is not '~'
/home/downeyflyfan/Research_Projects/AI/Optimizers/New_Optimizer/.venv/lib/python3.12/site-packages/tacotron_cleaner/cleaners.py:102: SyntaxWarning: invalid escape sequence '\;'
  text = re.sub("\;", ",", text)
/home/downeyflyfan/Research_Projects/AI/Optimizers/New_Optimizer/.venv/lib/python3.12/site-packages/tacotron_cleaner/cleaners.py:103: SyntaxWarning: invalid escape sequence '\:'
  text = re.sub("\:", ",", text)
/home/downeyflyfan/Research_Projects/AI/Optimizers/New_Optimizer/.venv/lib/python3.12/site-packages/tacotron_cleaner/cleaners.py:104: SyntaxWarning: invalid escape sequence '\-'
  text = re.sub("\-", " ", text)
/home/downeyflyfan/Research_Projects/AI/Optimizers/New_Optimizer/.venv/lib/python3.12/site-packages/tacotron_cleaner/cleaners.py:105: SyntaxWarning: invalid escape sequence '\&'
  text = re.sub("\&", "and", text)
/home/downeyflyfan/Research_Projects/AI/Optimizers/New_Optimizer/.venv/lib/python3.12/site-packages/vietnamese_cleaner/regex_tokenize.py:71: SyntaxWarning: invalid escape sequence '\.'
  r"Mr\.", "Mrs\.", "Ms\.",
/home/downeyflyfan/Research_Projects/AI/Optimizers/New_Optimizer/.venv/lib/python3.12/site-packages/vietnamese_cleaner/regex_tokenize.py:71: SyntaxWarning: invalid escape sequence '\.'
  r"Mr\.", "Mrs\.", "Ms\.",
/home/downeyflyfan/Research_Projects/AI/Optimizers/New_Optimizer/.venv/lib/python3.12/site-packages/vietnamese_cleaner/regex_tokenize.py:72: SyntaxWarning: invalid escape sequence '\.'
  r"Dr\.", "ThS\."
Failed to import Flash Attention, using ESPnet default: No module named 'flash_attn'
/home/downeyflyfan/Research_Projects/AI/Optimizers/New_Optimizer/.venv/lib/python3.12/site-packages/espnet2/s2t/espnet_model.py:338: FutureWarning: `torch.cuda.amp.autocast(args...)` is deprecated. Please use `torch.amp.autocast('cuda', args...)` instead.
  with autocast(False):
/home/downeyflyfan/Research_Projects/AI/Optimizers/New_Optimizer/.venv/lib/python3.12/site-packages/torch/autograd/graph.py:979: UserWarning: ctc_loss_backward_gpu does not have a deterministic implementation, but you set 'torch.use_deterministic_algorithms(True, warn_only=True)'. You can file an issue at https://github.com/pytorch/pytorch/issues to help us prioritize adding deterministic support for this operation. (Triggered internally at /__w/pytorch/pytorch/aten/src/ATen/Context.cpp:186.)
  return Variable._execution_engine.run_backward(  # Calls into the C++ engine to run the backward pass
task=audio_owsm_v3_1_base optimizer=adamw epoch=1/8 metric=0.205850
task=audio_owsm_v3_1_base optimizer=adamw epoch=2/8 metric=0.150436
task=audio_owsm_v3_1_base optimizer=adamw epoch=3/8 metric=0.126999
task=audio_owsm_v3_1_base optimizer=adamw epoch=4/8 metric=0.118278
task=audio_owsm_v3_1_base optimizer=adamw epoch=5/8 metric=0.109738
task=audio_owsm_v3_1_base optimizer=adamw epoch=6/8 metric=0.106831
task=audio_owsm_v3_1_base optimizer=adamw epoch=7/8 metric=0.105560
task=audio_owsm_v3_1_base optimizer=adamw epoch=8/8 metric=0.104833
