task=nlp_gpt_12x512 optimizer=paper_full_gn step=1 metric=0.672058 line_search_step=0.25
task=nlp_gpt_12x512 optimizer=paper_full_gn step=2 metric=0.671631 line_search_step=0.25
task=nlp_gpt_12x512 optimizer=paper_full_gn step=3 metric=0.671097 line_search_step=0.25
task=nlp_gpt_12x512 optimizer=paper_full_gn step=4 metric=0.666931 line_search_step=0.25
task=nlp_gpt_12x512 optimizer=paper_full_gn step=5 metric=0.651596 line_search_step=0.25
task=nlp_gpt_12x512 optimizer=paper_full_gn step=6 metric=0.637497 line_search_step=0.25
Traceback (most recent call last):
  File "/home/downeyflyfan/Research_Projects/AI/Optimizers/New_Optimizer/src/run_paper_full_gn.py", line 71, in <module>
    main()
  File "/home/downeyflyfan/Research_Projects/AI/Optimizers/New_Optimizer/src/run_paper_full_gn.py", line 50, in main
    result = run_paper_full_gn_trial(
             ^^^^^^^^^^^^^^^^^^^^^^^^
  File "/home/downeyflyfan/Research_Projects/AI/Optimizers/New_Optimizer/src/paper_full_gn_experiment.py", line 395, in run_paper_full_gn_trial
    final_inner_gradient_norm = paper_accumulated_inner_step(
                                ^^^^^^^^^^^^^^^^^^^^^^^^^^^^^
  File "/home/downeyflyfan/Research_Projects/AI/Optimizers/New_Optimizer/src/paper_full_gn.py", line 215, in paper_accumulated_inner_step
    batch_gradient = quadratic_gradient(reference, inner, batch)
                     ^^^^^^^^^^^^^^^^^^^^^^^^^^^^^^^^^^^^^^^^^^^
  File "/home/downeyflyfan/Research_Projects/AI/Optimizers/New_Optimizer/src/paper_full_gn.py", line 141, in quadratic_gradient
    return operator.gradient() + operator.matvec(delta)
                                 ^^^^^^^^^^^^^^^^^^^^^^
  File "/home/downeyflyfan/Research_Projects/AI/Optimizers/New_Optimizer/src/kronecker_ggn_common/curvature_operator.py", line 271, in matvec
    values = pullback(output_hvp)
             ^^^^^^^^^^^^^^^^^^^^
  File "/home/downeyflyfan/Research_Projects/AI/Optimizers/New_Optimizer/.venv/lib/python3.12/site-packages/torch/_functorch/eager_transforms.py", line 470, in wrapper
    result = _autograd_grad(
             ^^^^^^^^^^^^^^^
  File "/home/downeyflyfan/Research_Projects/AI/Optimizers/New_Optimizer/.venv/lib/python3.12/site-packages/torch/_functorch/eager_transforms.py", line 177, in _autograd_grad
    grad_inputs = torch.autograd.grad(
                  ^^^^^^^^^^^^^^^^^^^^
  File "/home/downeyflyfan/Research_Projects/AI/Optimizers/New_Optimizer/.venv/lib/python3.12/site-packages/torch/autograd/__init__.py", line 594, in grad
    result = _engine_run_backward(
             ^^^^^^^^^^^^^^^^^^^^^
  File "/home/downeyflyfan/Research_Projects/AI/Optimizers/New_Optimizer/.venv/lib/python3.12/site-packages/torch/autograd/graph.py", line 979, in _engine_run_backward
    return Variable._execution_engine.run_backward(  # Calls into the C++ engine to run the backward pass
           ^^^^^^^^^^^^^^^^^^^^^^^^^^^^^^^^^^^^^^^^^^^^^^^^^^^^^^^^^^^^^^^^^^^^^^^^^^^^^^^^^^^^^^^^^^^^^^
KeyboardInterrupt
